---
source: tests/unparse.rs
expression: "tests/unparse_tests.sql:133"
---
create schema myschema
