---
source: tests/unparse.rs
expression: "tests/sql/ddl/create_table.sql:4"
---
CREATE TABLE distributors (
    did int,
    name varchar(40),
    UNIQUE (name) WITH (fillfactor = 70) USING INDEX TABLESPACE indexes
) WITH (fillfactor = 70)
