---
source: tests/unparse.rs
expression: "tests/sql/ddl/grant.sql:2"
---
GRANT update (field1) ON tab1 TO role1
