---
source: tests/unparse_tests.rs
description: "tests/sql/ddl/create_table.sql:4"
expression: prettified
---
CREATE TABLE distributors (
    did int,
    name varchar(40),
    UNIQUE (name) WITH (fillfactor = 70) USING INDEX TABLESPACE indexes
) WITH (fillfactor = 70)
