---
source: tests/unparse.rs
expression: "tests/sql/ddl/create_table.sql:6"
---
CREATE TEMPORARY TABLE films_recent (title, director) ON COMMIT DELETE ROWS AS SELECT title,
director FROM films WHERE date_prod >= '2002-01-01'
