---
source: tests/unparse_tests.rs
description: "tests/sql/ddl/create_schema.sql:2"
expression: prettified
---
CREATE TABLE films (
    title text,
    release date,
    awards text
)
