---
source: tests/unparse.rs
expression: "tests/sql/ddl/create_table.sql:3"
---
CREATE TEMPORARY TABLE a (
    id serial
) ON COMMIT DROP
