---
source: tests/unparse.rs
expression: "tests/sql/ddl/create_type.sql:1"
---
create type foo
