---
source: tests/unparse.rs
expression: "tests/unparse.sql:134"
---
create schema authorization joe 
