---
source: tests/unparse_tests.rs
description: "tests/sql/ddl/create_table.sql:3"
expression: prettified
---
CREATE TEMPORARY TABLE a (
    id serial
) ON COMMIT DROP
