---
source: tests/unparse.rs
expression: "tests/sql/ddl/create_table.sql:6"
---
create temporary table films_recent (title, director) on commit delete rows as select title,
director from films where date_prod >= '2002-01-01'
