---
source: tests/unparse.rs
expression: "tests/unparse_tests.sql:263"
---
create type type1 as (attr1 int4, attr2 bool)
