---
source: tests/unparse.rs
expression: "tests/sql/ddl/grant.sql:1"
---
grant all on schema foo to role1, role2 with grant option
