---
source: tests/unparse.rs
expression: "tests/sql/ddl/create_table.sql:3"
---
create temporary table a (
    id serial
) on commit drop
