---
source: tests/unparse_tests.rs
description: "tests/sql/ddl/create_table.sql:1"
expression: prettified
---
CREATE TABLE a (
    id serial PRIMARY KEY,
    value int
)
