---
source: tests/unparse.rs
expression: "tests/unparse.sql:143"
---
create temporary table temp as select c from t  
