---
source: tests/unparse.rs
expression: "tests/sql/ddl/grant.sql:2"
---
grant update (field1) on tab1 to role1
